# Expected Graphics Output
The images expected by the tests